// Jest Snapshot v1, https://goo.gl/fbAQLP

exports[`Testing <ItemDetails /> Testing Shapshots & state ItemDetails have rendered 1`] = `
ShallowWrapper {
  Symbol(enzyme.__root__): [Circular],
  Symbol(enzyme.__unrendered__): <ItemDetails
    item="book"
  />,
  Symbol(enzyme.__renderer__): Object {
    "batchedUpdates": [Function],
    "checkPropTypes": [Function],
    "getNode": [Function],
    "render": [Function],
    "simulateError": [Function],
    "simulateEvent": [Function],
    "unmount": [Function],
  },
  Symbol(enzyme.__node__): Object {
    "instance": null,
    "key": undefined,
    "nodeType": "function",
    "props": Object {
      "children": Array [
        "Choose ",
        undefined,
        " from list",
      ],
      "className": "rounded",
    },
    "ref": null,
    "rendered": Array [
      "Choose ",
      undefined,
      " from list",
    ],
    "type": Object {
      "$$typeof": Symbol(react.forward_ref),
      "attrs": Array [],
      "componentStyle": ComponentStyle {
        "componentId": "sc-htpNat",
        "isStatic": true,
        "rules": Array [
          "
    font-size: 26px;
    background-color: #fff;
    padding: 0 20px;
",
        ],
      },
      "displayName": "styled.span",
      "foldedComponentIds": Array [],
      "render": [Function],
      "styledComponentId": "sc-htpNat",
      "target": "span",
      "toString": [Function],
      "warnTooManyClasses": [Function],
      "withComponent": [Function],
    },
  },
  Symbol(enzyme.__nodes__): Array [
    Object {
      "instance": null,
      "key": undefined,
      "nodeType": "function",
      "props": Object {
        "children": Array [
          "Choose ",
          undefined,
          " from list",
        ],
        "className": "rounded",
      },
      "ref": null,
      "rendered": Array [
        "Choose ",
        undefined,
        " from list",
      ],
      "type": Object {
        "$$typeof": Symbol(react.forward_ref),
        "attrs": Array [],
        "componentStyle": ComponentStyle {
          "componentId": "sc-htpNat",
          "isStatic": true,
          "rules": Array [
            "
    font-size: 26px;
    background-color: #fff;
    padding: 0 20px;
",
          ],
        },
        "displayName": "styled.span",
        "foldedComponentIds": Array [],
        "render": [Function],
        "styledComponentId": "sc-htpNat",
        "target": "span",
        "toString": [Function],
        "warnTooManyClasses": [Function],
        "withComponent": [Function],
      },
    },
  ],
  Symbol(enzyme.__options__): Object {
    "adapter": ReactSixteenAdapter {
      "options": Object {
        "enableComponentDidUpdateOnSetState": true,
        "legacyContextMode": "parent",
        "lifecycles": Object {
          "componentDidUpdate": Object {
            "onSetState": true,
          },
          "getChildContext": Object {
            "calledByRenderer": false,
          },
          "getDerivedStateFromProps": true,
          "getSnapshotBeforeUpdate": true,
          "setState": Object {
            "skipsComponentDidUpdateOnNullish": true,
          },
        },
      },
    },
  },
}
`;
