// Jest Snapshot v1, https://goo.gl/fbAQLP

exports[`Testing <BooksPage /> BooksPage have rendered 1`] = `
ShallowWrapper {
  Symbol(enzyme.__root__): [Circular],
  Symbol(enzyme.__unrendered__): <BooksPage />,
  Symbol(enzyme.__renderer__): Object {
    "batchedUpdates": [Function],
    "checkPropTypes": [Function],
    "getNode": [Function],
    "render": [Function],
    "simulateError": [Function],
    "simulateEvent": [Function],
    "unmount": [Function],
  },
  Symbol(enzyme.__node__): Object {
    "instance": null,
    "key": undefined,
    "nodeType": "function",
    "props": Object {
      "children": <Col
        md={
          Object {
            "offset": 3,
            "size": 3,
          }
        }
        tag="div"
        widths={
          Array [
            "xs",
            "sm",
            "md",
            "lg",
            "xl",
          ]
        }
      >
        <ItemList
          getData={[Function]}
          onItemSelected={[Function]}
          renderItem={[Function]}
        />
      </Col>,
      "tag": "div",
    },
    "ref": null,
    "rendered": Object {
      "instance": null,
      "key": undefined,
      "nodeType": "function",
      "props": Object {
        "children": <ItemList
          getData={[Function]}
          onItemSelected={[Function]}
          renderItem={[Function]}
        />,
        "md": Object {
          "offset": 3,
          "size": 3,
        },
        "tag": "div",
        "widths": Array [
          "xs",
          "sm",
          "md",
          "lg",
          "xl",
        ],
      },
      "ref": null,
      "rendered": Object {
        "instance": null,
        "key": undefined,
        "nodeType": "class",
        "props": Object {
          "getData": [Function],
          "onItemSelected": [Function],
          "renderItem": [Function],
        },
        "ref": null,
        "rendered": null,
        "type": [Function],
      },
      "type": [Function],
    },
    "type": [Function],
  },
  Symbol(enzyme.__nodes__): Array [
    Object {
      "instance": null,
      "key": undefined,
      "nodeType": "function",
      "props": Object {
        "children": <Col
          md={
            Object {
              "offset": 3,
              "size": 3,
            }
          }
          tag="div"
          widths={
            Array [
              "xs",
              "sm",
              "md",
              "lg",
              "xl",
            ]
          }
        >
          <ItemList
            getData={[Function]}
            onItemSelected={[Function]}
            renderItem={[Function]}
          />
        </Col>,
        "tag": "div",
      },
      "ref": null,
      "rendered": Object {
        "instance": null,
        "key": undefined,
        "nodeType": "function",
        "props": Object {
          "children": <ItemList
            getData={[Function]}
            onItemSelected={[Function]}
            renderItem={[Function]}
          />,
          "md": Object {
            "offset": 3,
            "size": 3,
          },
          "tag": "div",
          "widths": Array [
            "xs",
            "sm",
            "md",
            "lg",
            "xl",
          ],
        },
        "ref": null,
        "rendered": Object {
          "instance": null,
          "key": undefined,
          "nodeType": "class",
          "props": Object {
            "getData": [Function],
            "onItemSelected": [Function],
            "renderItem": [Function],
          },
          "ref": null,
          "rendered": null,
          "type": [Function],
        },
        "type": [Function],
      },
      "type": [Function],
    },
  ],
  Symbol(enzyme.__options__): Object {
    "adapter": ReactSixteenAdapter {
      "options": Object {
        "enableComponentDidUpdateOnSetState": true,
        "legacyContextMode": "parent",
        "lifecycles": Object {
          "componentDidUpdate": Object {
            "onSetState": true,
          },
          "getChildContext": Object {
            "calledByRenderer": false,
          },
          "getDerivedStateFromProps": true,
          "getSnapshotBeforeUpdate": true,
          "setState": Object {
            "skipsComponentDidUpdateOnNullish": true,
          },
        },
      },
    },
  },
}
`;
